python : INFO:     Started server process [20712]
At line:1 char:99
+ ... \Desktop\complete_travel_3d\backend'; python 
test_api.py 2>&1 | Tee-O ...
+                                           
~~~~~~~~~~~~~~~~~~~~~~~
    + CategoryInfo          : NotSpecified: (INFO:  
       Started server process [20712]:String) [],   
  RemoteException
    + FullyQualifiedErrorId : NativeCommandError
 
INFO:     Waiting for application startup.
INFO:     Application startup complete.
INFO:     Uvicorn running on http://127.0.0.1:3002 
(Press CTRL+C to quit)
